// Jest Snapshot v1, https://goo.gl/fbAQLP

exports[`Test suits for Admins section should match with snapshot 1`] = `
.c0 {
  display: -webkit-box;
  display: -webkit-flex;
  display: -ms-flexbox;
  display: flex;
  -webkit-box-pack: center;
  -webkit-justify-content: center;
  -ms-flex-pack: center;
  justify-content: center;
}

<section
  className="c0"
/>
`;
