// Jest Snapshot v1, https://goo.gl/fbAQLP

exports[`Test suits for brand should match with snapshot 1`] = `
.c0 {
  -webkit-flex: 1;
  -ms-flex: 1;
  flex: 1;
  padding-left: 20px;
}

<div
  className="c0"
/>
`;
