// Jest Snapshot v1, https://goo.gl/fbAQLP

exports[`Test suits for Button row should match with snapshot 1`] = `
.c0 {
  display: -webkit-box;
  display: -webkit-flex;
  display: -ms-flexbox;
  display: flex;
  -webkit-box-pack: space-around;
  -webkit-justify-content: space-around;
  -ms-flex-pack: space-around;
  justify-content: space-around;
  margin-top: 10px;
}

.c0 button {
  border: 0;
  display: -webkit-box;
  display: -webkit-flex;
  display: -ms-flexbox;
  display: flex;
  -webkit-box-pack: center;
  -webkit-justify-content: center;
  -ms-flex-pack: center;
  justify-content: center;
  -webkit-align-items: center;
  -webkit-box-align: center;
  -ms-flex-align: center;
  align-items: center;
  width: 128px;
  height: 64px;
  background-color: #ffe484;
  border-color: #ffe484;
  font-size: 1rem;
  font-weight: 500;
}

<section
  className="c0"
/>
`;
