// Jest Snapshot v1, https://goo.gl/fbAQLP

exports[`Test suits for Container  should match with snapshot 1`] = `
.c0 {
  display: -webkit-box;
  display: -webkit-flex;
  display: -ms-flexbox;
  display: flex;
  width: 100vw;
  min-height: 100%;
  overflow-y: scroll;
  -webkit-flex-direction: column;
  -ms-flex-direction: column;
  flex-direction: column;
}

<div
  className="c0"
/>
`;
